// Jest Snapshot v1, https://goo.gl/fbAQLP

exports[`CustomText (Unit-Test) general functionality should match snapshot 1`] = `
<Text
  style={
    Object {
      "color": "#000000",
      "fontFamily": "Lato-Regular",
      "fontSize": 14,
    }
  }
  testID=""
>
  CUSTOM_TEXT
</Text>
`;
